2021-12-11 02:40:10 WARN Selenium [DEPRECATION] [:driver_path] Selenium::WebDriver::Chrome#driver_path= is deprecated. Use Selenium::WebDriver::Chrome::Service#driver_path= instead.

Bookモデルのテスト
  バリデーションのテスト
    titleカラム
      空欄でないこと
    bodyカラム
      空欄でないこと
      200文字以下であること: 200文字は〇
      200文字以下であること: 201文字は×
  アソシエーションのテスト
    Userモデルとの関係
      N:1となっている

Userモデルのテスト
  バリデーションのテスト
    nameカラム
      空欄でないこと
      2文字以上であること: 1文字は×
      2文字以上であること: 2文字は〇
      20文字以下であること: 20文字は〇
      20文字以下であること: 21文字は×
      一意性があること
    introductionカラム
      50文字以下であること: 50文字は〇
      50文字以下であること: 51文字は×
  アソシエーションのテスト
    Bookモデルとの関係
      1:Nとなっている

[STEP1] ユーザログイン前のテスト
  トップ画面のテスト
    表示内容の確認
      URLが正しい
      Log inリンクが表示される: 青色のボタンの表示が「Log in」である
      Log inリンクの内容が正しい
      Sign upリンクが表示される: 緑色のボタンの表示が「Sign up」である
      Sign upリンクの内容が正しい
  アバウト画面のテスト
    表示内容の確認
      URLが正しい
  ヘッダーのテスト: ログインしていない場合
    表示内容の確認
      Bookersリンクが表示される: 左上から1番目のリンクが「Bookers」である
      Homeリンクが表示される: 左上から2番目のリンクが「Home」である
      Aboutリンクが表示される: 左上から3番目のリンクが「About」である
      Sign upリンクが表示される: 左上から4番目のリンクが「Sign up」である
      Log inリンクが表示される: 左上から5番目のリンクが「Log in」である
    リンクの内容を確認
      Bookersを押すと、トップ画面に遷移する
      Homeを押すと、トップ画面に遷移する
      Aboutを押すと、アバウト画面に遷移する
      Sign upを押すと、新規登録画面に遷移する
      Log inを押すと、ログイン画面に遷移する
  ユーザ新規登録のテスト
    表示内容の確認
      URLが正しい
      「Sign up」と表示される
      nameフォームが表示される
      emailフォームが表示される
      passwordフォームが表示される
      password_confirmationフォームが表示される
      Sign upボタンが表示される
    新規登録成功のテスト
      正しく新規登録される
      新規登録後のリダイレクト先が、新規登録できたユーザの詳細画面になっている
  ユーザログイン
    表示内容の確認
      URLが正しい
      「Log in」と表示される
      nameフォームが表示される
      passwordフォームが表示される
      Log inボタンが表示される
      emailフォームは表示されない
    ログイン成功のテスト
      ログイン後のリダイレクト先が、ログインしたユーザの詳細画面になっている
    ログイン失敗のテスト
      ログインに失敗し、ログイン画面にリダイレクトされる
  ヘッダーのテスト: ログインしている場合
    ヘッダーの表示を確認
      Bookersリンクが表示される: 左上から1番目のリンクが「Bookers」である
      Homeリンクが表示される: 左上から2番目のリンクが「Home」である
      Usersリンクが表示される: 左上から3番目のリンクが「Users」である
      Booksリンクが表示される: 左上から4番目のリンクが「Books」である
      Log outリンクが表示される: 左上から5番目のリンクが「Log out」である
  ユーザログアウトのテスト
    ログアウト機能のテスト
      正しくログアウトできている: ログアウト後のリダイレクト先においてAbout画面へのリンクが存在する
      ログアウト後のリダイレクト先が、トップになっている

[STEP2] ユーザログイン後のテスト
  ヘッダーのテスト: ログインしている場合
    リンクの内容を確認: ※logoutは『ユーザログアウトのテスト』でテスト済みになります。
      Homeを押すと、自分のユーザ詳細画面に遷移する
      Usersを押すと、ユーザ一覧画面に遷移する
      Booksを押すと、投稿一覧画面に遷移する
  投稿一覧画面のテスト
    表示内容の確認
      URLが正しい
      自分と他人の画像のリンク先が正しい (FAILED - 1)
      自分の投稿と他人の投稿のタイトルのリンク先がそれぞれ正しい
      自分の投稿と他人の投稿のオピニオンが表示される
    サイドバーの確認
      自分の名前と紹介文が表示される (FAILED - 2)
      自分のユーザ編集画面へのリンクが存在する
      「New book」と表示される
      titleフォームが表示される
      titleフォームに値が入っていない
      opinionフォームが表示される
      opinionフォームに値が入っていない
      Create Bookボタンが表示される
    投稿成功のテスト
      自分の新しい投稿が正しく保存される
      リダイレクト先が、保存できた投稿の詳細画面になっている
  自分の投稿詳細画面のテスト
    表示内容の確認
      URLが正しい
      「Book detail」と表示される
      ユーザ画像・名前のリンク先が正しい (FAILED - 3)
      投稿のtitleが表示される
      投稿のopinionが表示される
      投稿の編集リンクが表示される
      投稿の削除リンクが表示される
    サイドバーの確認
      自分の名前と紹介文が表示される (FAILED - 4)
      自分のユーザ編集画面へのリンクが存在する
      「New book」と表示される
      titleフォームが表示される
      titleフォームに値が入っていない
      opinionフォームが表示される
      opinionフォームに値が入っていない (FAILED - 5)
      Create Bookボタンが表示される
    投稿成功のテスト
      自分の新しい投稿が正しく保存される (FAILED - 6)
    編集リンクのテスト
      編集画面に遷移する
    削除リンクのテスト
      application.html.erbにjavascript_include_tagを含んでいる
      正しく削除される
      リダイレクト先が、投稿一覧画面になっている
  自分の投稿編集画面のテスト
    表示の確認
      URLが正しい
      「Editing Book」と表示される
      title編集フォームが表示される
      opinion編集フォームが表示される
      Update Bookボタンが表示される
      Showリンクが表示される
      Backリンクが表示される
    編集成功のテスト
      titleが正しく更新される
      bodyが正しく更新される
      リダイレクト先が、更新した投稿の詳細画面になっている
  ユーザ一覧画面のテスト
    表示内容の確認
      URLが正しい
      自分と他人の画像が表示される: fallbackの画像がサイドバーの1つ＋一覧(2人)の2つの計3つ存在する
      自分と他人の名前がそれぞれ表示される
      自分と他人のshowリンクがそれぞれ表示される
    サイドバーの確認
      自分の名前と紹介文が表示される (FAILED - 7)
      自分のユーザ編集画面へのリンクが存在する
      「New book」と表示される
      titleフォームが表示される (FAILED - 8)
      titleフォームに値が入っていない (FAILED - 9)
      opinionフォームが表示される (FAILED - 10)
      opinionフォームに値が入っていない (FAILED - 11)
      Create Bookボタンが表示される
  自分のユーザ詳細画面のテスト
    表示の確認
      URLが正しい
      投稿一覧のユーザ画像のリンク先が正しい
      投稿一覧に自分の投稿のtitleが表示され、リンクが正しい
      投稿一覧に自分の投稿のopinionが表示される
      他人の投稿は表示されない
    サイドバーの確認
      自分の名前と紹介文が表示される (FAILED - 12)
      自分のユーザ編集画面へのリンクが存在する
      「New book」と表示される
      titleフォームが表示される
      titleフォームに値が入っていない
      opinionフォームが表示される
      opinionフォームに値が入っていない
      Create Bookボタンが表示される
  自分のユーザ情報編集画面のテスト
    表示の確認
      URLが正しい
      名前編集フォームに自分の名前が表示される
      画像編集フォームが表示される
      自己紹介編集フォームに自分の自己紹介文が表示される
      Update Userボタンが表示される (FAILED - 13)
    更新成功のテスト
      nameが正しく更新される (FAILED - 14)
      introductionが正しく更新される (FAILED - 15)
      リダイレクト先が、自分のユーザ詳細画面になっている (FAILED - 16)

[STEP3] 仕上げのテスト
  サクセスメッセージのテスト
    ユーザ新規登録成功時 (FAILED - 17)
    ユーザログイン成功時 (FAILED - 18)
    ユーザログアウト成功時 (FAILED - 19)
    ユーザのプロフィール情報更新成功時 (FAILED - 20)
    投稿データの新規投稿成功時: 投稿一覧画面から行います。 (FAILED - 21)
    投稿データの更新成功時 (FAILED - 22)
  処理失敗時のテスト
    ユーザ新規登録失敗: nameを1文字にする
      新規登録されない
      新規登録画面を表示しており、フォームの内容が正しい
      バリデーションエラーが表示される
    ユーザのプロフィール情報編集失敗: nameを1文字にする
      更新されない (FAILED - 23)
      ユーザ編集画面を表示しており、フォームの内容が正しい (FAILED - 24)
      バリデーションエラーが表示される (FAILED - 25)
    投稿データの新規投稿失敗: 投稿一覧画面から行い、titleを空にする
      投稿が保存されない (FAILED - 26)
      投稿一覧画面を表示している (FAILED - 27)
      新規投稿フォームの内容が正しい
      バリデーションエラーが表示される (FAILED - 28)
    投稿データの更新失敗: titleを空にする
      投稿が更新されない
      投稿編集画面を表示しており、フォームの内容が正しい
      エラーメッセージが表示される (FAILED - 29)
  ログインしていない場合のアクセス制限のテスト: アクセスできず、ログイン画面に遷移する
    ユーザ一覧画面 (FAILED - 30)
    ユーザ詳細画面 (FAILED - 31)
    ユーザ情報編集画面 (FAILED - 32)
    投稿一覧画面 (FAILED - 33)
    投稿詳細画面 (FAILED - 34)
    投稿編集画面 (FAILED - 35)
  他人の画面のテスト
    他人の投稿詳細画面のテスト
      表示内容の確認
        URLが正しい
        「Book detail」と表示される
        ユーザ画像・名前のリンク先が正しい (FAILED - 36)
        投稿のtitleが表示される
        投稿のopinionが表示される
        投稿の編集リンクが表示されない
        投稿の削除リンクが表示されない
      サイドバーの確認
        他人の名前と紹介文が表示される (FAILED - 37)
        他人のユーザ編集画面へのリンクが存在する (FAILED - 38)
        自分の名前と紹介文は表示されない
        自分のユーザ編集画面へのリンクは存在しない (FAILED - 39)
    他人の投稿編集画面
      遷移できず、投稿一覧画面にリダイレクトされる (FAILED - 40)
    他人のユーザ詳細画面のテスト
      表示の確認
        URLが正しい
        投稿一覧のユーザ画像のリンク先が正しい (FAILED - 41)
        投稿一覧に他人の投稿のtitleが表示され、リンクが正しい
        投稿一覧に他人の投稿のopinionが表示される
        自分の投稿は表示されない
      サイドバーの確認
        他人の名前と紹介文が表示される (FAILED - 42)
        他人のユーザ編集画面へのリンクが存在する (FAILED - 43)
        自分の名前と紹介文は表示されない
        自分のユーザ編集画面へのリンクは存在しない (FAILED - 44)
    他人のユーザ情報編集画面
      遷移できず、自分のユーザ詳細画面にリダイレクトされる (FAILED - 45)
  グリッドシステムのテスト: container, row, col-md-〇を正しく使えている
    ユーザ一覧画面
    ユーザ詳細画面
    投稿一覧画面
    投稿詳細画面
  アイコンのテスト
    トップ画面
      本のアイコンが表示される
    アバウト画面
      本のアイコンが表示される
    ヘッダー: ログインしていない場合
      Homeリンクのアイコンが表示される
      Aboutリンクのアイコンが表示される
      Sign upリンクのアイコンが表示される
      Log inリンクのアイコンが表示される
    ヘッダー: ログインしている場合
      Homeリンクのアイコンが表示される
      Usersリンクのアイコンが表示される (FAILED - 46)
      Booksリンクのアイコンが表示される (FAILED - 47)
      Log outリンクのアイコンが表示される (FAILED - 48)
    サイドバー
      ユーザ一覧画面でレンチアイコンが表示される (FAILED - 49)
      ユーザ詳細画面でレンチアイコンが表示される (FAILED - 50)
      投稿一覧画面でレンチアイコンが表示される (FAILED - 51)
      投稿詳細画面でレンチアイコンが表示される (FAILED - 52)

Failures:

  1) [STEP2] ユーザログイン後のテスト 投稿一覧画面のテスト 表示内容の確認 自分と他人の画像のリンク先が正しい
     Failure/Error: expect(page).to have_link '', href: user_path(other_book.user)
       expected to find link "" with href "/users/1" but there were no matches
     # ./spec/system/02_after_login_spec.rb:52:in `block (4 levels) in <main>'

  2) [STEP2] ユーザログイン後のテスト 投稿一覧画面のテスト サイドバーの確認 自分の名前と紹介文が表示される
     Failure/Error: expect(page).to have_content user.name
       expected to find text "qt5y6ou439" in "Bookers\nHome Users Books Log out\nUser info\nname test2 introduction\n設定\nNew book\nTitle\nOpinion\nBooks\nTitle Opinion pgq29 pgq29 ytqaygm66ehpblaa7vtz z6mki z6mki 249axbl5g9ons9glrgiu\nCopyRight Infratop.inc"
     # ./spec/system/02_after_login_spec.rb:66:in `block (4 levels) in <main>'

  3) [STEP2] ユーザログイン後のテスト 自分の投稿詳細画面のテスト 表示内容の確認 ユーザ画像・名前のリンク先が正しい
     Failure/Error: expect(page).to have_link book.user.name, href: user_path(book.user)
       expected to find link "7rahprlg24" with href "/users/2" but there were no matches
     # ./spec/system/02_after_login_spec.rb:121:in `block (4 levels) in <main>'

  4) [STEP2] ユーザログイン後のテスト 自分の投稿詳細画面のテスト サイドバーの確認 自分の名前と紹介文が表示される
     Failure/Error: expect(page).to have_content user.name
       expected to find text "u9hrk37k46" in "Bookers\nHome Users Books Log out\nUser info\nname test2 introduction\n設定\nNew book\nTitle\nOpinion\n47xmuykc6jcic9pohj1d\nBook detail\n26mjy 26mjy 47xmuykc6jcic9pohj1d Edit Destroy"
     # ./spec/system/02_after_login_spec.rb:139:in `block (4 levels) in <main>'

  5) [STEP2] ユーザログイン後のテスト 自分の投稿詳細画面のテスト サイドバーの確認 opinionフォームに値が入っていない
     Failure/Error: expect(find_field('book[body]').text).to be_blank
       expected `"i8co154ny404u9o4hmpy".blank?` to be truthy, got false
     # ./spec/system/02_after_login_spec.rb:158:in `block (4 levels) in <main>'

  6) [STEP2] ユーザログイン後のテスト 自分の投稿詳細画面のテスト 投稿成功のテスト 自分の新しい投稿が正しく保存される
     Failure/Error: expect { click_button 'Create Book' }.to change(user.books, :count).by(1)
       expected `Book::ActiveRecord_Associations_CollectionProxy#count` to have changed by 1, but was changed by 0
     # ./spec/system/02_after_login_spec.rb:172:in `block (4 levels) in <main>'

  7) [STEP2] ユーザログイン後のテスト ユーザ一覧画面のテスト サイドバーの確認 自分の名前と紹介文が表示される
     Failure/Error: expect(page).to have_content user.introduction
       expected to find text "rgsthcwe6410nu4zx8vg" in "Bookers\nHome Users Books Log out\nUser info\nname test2 introduction\n設定\nNew book\nTitle\nOpinion\nUsers\nimage name 3ky247d6be Show mar2o91csj Show"
     # ./spec/system/02_after_login_spec.rb:283:in `block (4 levels) in <main>'

  8) [STEP2] ユーザログイン後のテスト ユーザ一覧画面のテスト サイドバーの確認 titleフォームが表示される
     Failure/Error: expect(page).to have_field 'book[title]'
       expected to find field "book[title]" that is not disabled but there were no matches
     # ./spec/system/02_after_login_spec.rb:292:in `block (4 levels) in <main>'

  9) [STEP2] ユーザログイン後のテスト ユーザ一覧画面のテスト サイドバーの確認 titleフォームに値が入っていない
     Failure/Error: expect(find_field('book[title]').text).to be_blank

     Capybara::ElementNotFound:
       Unable to find field "book[title]" that is not disabled
     # /home/ec2-user/.rvm/gems/ruby-2.6.3/gems/capybara-3.36.0/lib/capybara/node/finders.rb:303:in `block in synced_resolve'
     # /home/ec2-user/.rvm/gems/ruby-2.6.3/gems/capybara-3.36.0/lib/capybara/node/base.rb:83:in `synchronize'
     # /home/ec2-user/.rvm/gems/ruby-2.6.3/gems/capybara-3.36.0/lib/capybara/node/finders.rb:292:in `synced_resolve'
     # /home/ec2-user/.rvm/gems/ruby-2.6.3/gems/capybara-3.36.0/lib/capybara/node/finders.rb:53:in `find'
     # /home/ec2-user/.rvm/gems/ruby-2.6.3/gems/capybara-3.36.0/lib/capybara/node/finders.rb:129:in `find_field'
     # /home/ec2-user/.rvm/gems/ruby-2.6.3/gems/capybara-3.36.0/lib/capybara/session.rb:778:in `block (2 levels) in <class:Session>'
     # /home/ec2-user/.rvm/gems/ruby-2.6.3/gems/capybara-3.36.0/lib/capybara/dsl.rb:58:in `block (2 levels) in <module:DSL>'
     # ./spec/system/02_after_login_spec.rb:295:in `block (4 levels) in <main>'

  10) [STEP2] ユーザログイン後のテスト ユーザ一覧画面のテスト サイドバーの確認 opinionフォームが表示される
      Failure/Error: expect(page).to have_field 'book[body]'
        expected to find field "book[body]" that is not disabled but there were no matches
      # ./spec/system/02_after_login_spec.rb:298:in `block (4 levels) in <main>'

  11) [STEP2] ユーザログイン後のテスト ユーザ一覧画面のテスト サイドバーの確認 opinionフォームに値が入っていない
      Failure/Error: expect(find_field('book[body]').text).to be_blank

      Capybara::ElementNotFound:
        Unable to find field "book[body]" that is not disabled
      # /home/ec2-user/.rvm/gems/ruby-2.6.3/gems/capybara-3.36.0/lib/capybara/node/finders.rb:303:in `block in synced_resolve'
      # /home/ec2-user/.rvm/gems/ruby-2.6.3/gems/capybara-3.36.0/lib/capybara/node/base.rb:83:in `synchronize'
      # /home/ec2-user/.rvm/gems/ruby-2.6.3/gems/capybara-3.36.0/lib/capybara/node/finders.rb:292:in `synced_resolve'
      # /home/ec2-user/.rvm/gems/ruby-2.6.3/gems/capybara-3.36.0/lib/capybara/node/finders.rb:53:in `find'
      # /home/ec2-user/.rvm/gems/ruby-2.6.3/gems/capybara-3.36.0/lib/capybara/node/finders.rb:129:in `find_field'
      # /home/ec2-user/.rvm/gems/ruby-2.6.3/gems/capybara-3.36.0/lib/capybara/session.rb:778:in `block (2 levels) in <class:Session>'
      # /home/ec2-user/.rvm/gems/ruby-2.6.3/gems/capybara-3.36.0/lib/capybara/dsl.rb:58:in `block (2 levels) in <module:DSL>'
      # ./spec/system/02_after_login_spec.rb:301:in `block (4 levels) in <main>'

  12) [STEP2] ユーザログイン後のテスト 自分のユーザ詳細画面のテスト サイドバーの確認 自分の名前と紹介文が表示される
      Failure/Error: expect(page).to have_content user.name
        expected to find text "rr1wgpfl7b" in "Bookers\nHome Users Books Log out\nUser info\nname test2 introduction\n設定\nNew book\nTitle\nOpinion\nUsers\nimage name goosi goosi g0szrzz4gzzc9v286y55"
      # ./spec/system/02_after_login_spec.rb:336:in `block (4 levels) in <main>'

  13) [STEP2] ユーザログイン後のテスト 自分のユーザ情報編集画面のテスト 表示の確認 Update Userボタンが表示される
      Failure/Error: expect(page).to have_button 'Update User'
        expected to find button "Update User" that is not disabled but there were no matches
      # ./spec/system/02_after_login_spec.rb:382:in `block (4 levels) in <main>'

  14) [STEP2] ユーザログイン後のテスト 自分のユーザ情報編集画面のテスト 更新成功のテスト nameが正しく更新される
      Failure/Error: click_button 'Update User'

      Capybara::ElementNotFound:
        Unable to find button "Update User" that is not disabled
      # /home/ec2-user/.rvm/gems/ruby-2.6.3/gems/capybara-3.36.0/lib/capybara/node/finders.rb:303:in `block in synced_resolve'
      # /home/ec2-user/.rvm/gems/ruby-2.6.3/gems/capybara-3.36.0/lib/capybara/node/base.rb:83:in `synchronize'
      # /home/ec2-user/.rvm/gems/ruby-2.6.3/gems/capybara-3.36.0/lib/capybara/node/finders.rb:292:in `synced_resolve'
      # /home/ec2-user/.rvm/gems/ruby-2.6.3/gems/capybara-3.36.0/lib/capybara/node/finders.rb:53:in `find'
      # /home/ec2-user/.rvm/gems/ruby-2.6.3/gems/capybara-3.36.0/lib/capybara/node/actions.rb:58:in `click_button'
      # /home/ec2-user/.rvm/gems/ruby-2.6.3/gems/capybara-3.36.0/lib/capybara/session.rb:778:in `block (2 levels) in <class:Session>'
      # /home/ec2-user/.rvm/gems/ruby-2.6.3/gems/capybara-3.36.0/lib/capybara/dsl.rb:58:in `block (2 levels) in <module:DSL>'
      # ./spec/system/02_after_login_spec.rb:392:in `block (4 levels) in <main>'

  15) [STEP2] ユーザログイン後のテスト 自分のユーザ情報編集画面のテスト 更新成功のテスト introductionが正しく更新される
      Failure/Error: click_button 'Update User'

      Capybara::ElementNotFound:
        Unable to find button "Update User" that is not disabled
      # /home/ec2-user/.rvm/gems/ruby-2.6.3/gems/capybara-3.36.0/lib/capybara/node/finders.rb:303:in `block in synced_resolve'
      # /home/ec2-user/.rvm/gems/ruby-2.6.3/gems/capybara-3.36.0/lib/capybara/node/base.rb:83:in `synchronize'
      # /home/ec2-user/.rvm/gems/ruby-2.6.3/gems/capybara-3.36.0/lib/capybara/node/finders.rb:292:in `synced_resolve'
      # /home/ec2-user/.rvm/gems/ruby-2.6.3/gems/capybara-3.36.0/lib/capybara/node/finders.rb:53:in `find'
      # /home/ec2-user/.rvm/gems/ruby-2.6.3/gems/capybara-3.36.0/lib/capybara/node/actions.rb:58:in `click_button'
      # /home/ec2-user/.rvm/gems/ruby-2.6.3/gems/capybara-3.36.0/lib/capybara/session.rb:778:in `block (2 levels) in <class:Session>'
      # /home/ec2-user/.rvm/gems/ruby-2.6.3/gems/capybara-3.36.0/lib/capybara/dsl.rb:58:in `block (2 levels) in <module:DSL>'
      # ./spec/system/02_after_login_spec.rb:392:in `block (4 levels) in <main>'

  16) [STEP2] ユーザログイン後のテスト 自分のユーザ情報編集画面のテスト 更新成功のテスト リダイレクト先が、自分のユーザ詳細画面になっている
      Failure/Error: click_button 'Update User'

      Capybara::ElementNotFound:
        Unable to find button "Update User" that is not disabled
      # /home/ec2-user/.rvm/gems/ruby-2.6.3/gems/capybara-3.36.0/lib/capybara/node/finders.rb:303:in `block in synced_resolve'
      # /home/ec2-user/.rvm/gems/ruby-2.6.3/gems/capybara-3.36.0/lib/capybara/node/base.rb:83:in `synchronize'
      # /home/ec2-user/.rvm/gems/ruby-2.6.3/gems/capybara-3.36.0/lib/capybara/node/finders.rb:292:in `synced_resolve'
      # /home/ec2-user/.rvm/gems/ruby-2.6.3/gems/capybara-3.36.0/lib/capybara/node/finders.rb:53:in `find'
      # /home/ec2-user/.rvm/gems/ruby-2.6.3/gems/capybara-3.36.0/lib/capybara/node/actions.rb:58:in `click_button'
      # /home/ec2-user/.rvm/gems/ruby-2.6.3/gems/capybara-3.36.0/lib/capybara/session.rb:778:in `block (2 levels) in <class:Session>'
      # /home/ec2-user/.rvm/gems/ruby-2.6.3/gems/capybara-3.36.0/lib/capybara/dsl.rb:58:in `block (2 levels) in <module:DSL>'
      # ./spec/system/02_after_login_spec.rb:392:in `block (4 levels) in <main>'

  17) [STEP3] 仕上げのテスト サクセスメッセージのテスト ユーザ新規登録成功時
      Failure/Error: is_expected.to have_content 'successfully'
        expected to find text "successfully" in "Bookers\nHome Users Books Log out\nUser info\nname test2 introduction\n設定\nNew book\nTitle\nOpinion\nUsers\nimage name"
      # ./spec/system/03_finishing_touches_spec.rb:19:in `block (3 levels) in <main>'

  18) [STEP3] 仕上げのテスト サクセスメッセージのテスト ユーザログイン成功時
      Failure/Error: is_expected.to have_content 'successfully'
        expected to find text "successfully" in "Bookers\nHome Users Books Log out\nUser info\nname test2 introduction\n設定\nNew book\nTitle\nOpinion\nUsers\nimage name akn0b akn0b vk98jnq4421xxp7harxi"
      # ./spec/system/03_finishing_touches_spec.rb:26:in `block (3 levels) in <main>'

  19) [STEP3] 仕上げのテスト サクセスメッセージのテスト ユーザログアウト成功時
      Failure/Error: is_expected.to have_content 'successfully'
        expected to find text "successfully" in "Bookers\nHome About Sign up Log in\nwelcome to Bookers !!\nIn Bookers,\nyou can share and exchange your opinions , inpressions , and emotions\nabout various books!\nLog in\nSign up"
      # ./spec/system/03_finishing_touches_spec.rb:36:in `block (3 levels) in <main>'

  20) [STEP3] 仕上げのテスト サクセスメッセージのテスト ユーザのプロフィール情報更新成功時
      Failure/Error: click_button 'Update User'

      Capybara::ElementNotFound:
        Unable to find button "Update User" that is not disabled
      # /home/ec2-user/.rvm/gems/ruby-2.6.3/gems/capybara-3.36.0/lib/capybara/node/finders.rb:303:in `block in synced_resolve'
      # /home/ec2-user/.rvm/gems/ruby-2.6.3/gems/capybara-3.36.0/lib/capybara/node/base.rb:83:in `synchronize'
      # /home/ec2-user/.rvm/gems/ruby-2.6.3/gems/capybara-3.36.0/lib/capybara/node/finders.rb:292:in `synced_resolve'
      # /home/ec2-user/.rvm/gems/ruby-2.6.3/gems/capybara-3.36.0/lib/capybara/node/finders.rb:53:in `find'
      # /home/ec2-user/.rvm/gems/ruby-2.6.3/gems/capybara-3.36.0/lib/capybara/node/actions.rb:58:in `click_button'
      # /home/ec2-user/.rvm/gems/ruby-2.6.3/gems/capybara-3.36.0/lib/capybara/session.rb:778:in `block (2 levels) in <class:Session>'
      # /home/ec2-user/.rvm/gems/ruby-2.6.3/gems/capybara-3.36.0/lib/capybara/dsl.rb:58:in `block (2 levels) in <module:DSL>'
      # ./spec/system/03_finishing_touches_spec.rb:44:in `block (3 levels) in <main>'

  21) [STEP3] 仕上げのテスト サクセスメッセージのテスト 投稿データの新規投稿成功時: 投稿一覧画面から行います。
      Failure/Error: is_expected.to have_content 'successfully'
        expected to find text "successfully" in "Bookers\nHome Users Books Log out\nUser info\nname test2 introduction\n設定\nNew book\nTitle\nOpinion\ny2bzurrycx5slqt1webf\nBook detail\naz8su az8su y2bzurrycx5slqt1webf Edit Destroy"
      # ./spec/system/03_finishing_touches_spec.rb:56:in `block (3 levels) in <main>'

  22) [STEP3] 仕上げのテスト サクセスメッセージのテスト 投稿データの更新成功時
      Failure/Error: is_expected.to have_content 'successfully'
        expected to find text "successfully" in "Bookers\nHome Users Books Log out\nUser info\nname test2 introduction\n設定\nNew book\nTitle\nOpinion\ng75hdjv66fxa9jhp8r9t\nBook detail\ndg0bu dg0bu g75hdjv66fxa9jhp8r9t Edit Destroy"
      # ./spec/system/03_finishing_touches_spec.rb:65:in `block (3 levels) in <main>'

  23) [STEP3] 仕上げのテスト 処理失敗時のテスト ユーザのプロフィール情報編集失敗: nameを1文字にする 更新されない
      Failure/Error: click_button 'Update User'

      Capybara::ElementNotFound:
        Unable to find button "Update User" that is not disabled
      # /home/ec2-user/.rvm/gems/ruby-2.6.3/gems/capybara-3.36.0/lib/capybara/node/finders.rb:303:in `block in synced_resolve'
      # /home/ec2-user/.rvm/gems/ruby-2.6.3/gems/capybara-3.36.0/lib/capybara/node/base.rb:83:in `synchronize'
      # /home/ec2-user/.rvm/gems/ruby-2.6.3/gems/capybara-3.36.0/lib/capybara/node/finders.rb:292:in `synced_resolve'
      # /home/ec2-user/.rvm/gems/ruby-2.6.3/gems/capybara-3.36.0/lib/capybara/node/finders.rb:53:in `find'
      # /home/ec2-user/.rvm/gems/ruby-2.6.3/gems/capybara-3.36.0/lib/capybara/node/actions.rb:58:in `click_button'
      # /home/ec2-user/.rvm/gems/ruby-2.6.3/gems/capybara-3.36.0/lib/capybara/session.rb:778:in `block (2 levels) in <class:Session>'
      # /home/ec2-user/.rvm/gems/ruby-2.6.3/gems/capybara-3.36.0/lib/capybara/dsl.rb:58:in `block (2 levels) in <module:DSL>'
      # ./spec/system/03_finishing_touches_spec.rb:106:in `block (4 levels) in <main>'

  24) [STEP3] 仕上げのテスト 処理失敗時のテスト ユーザのプロフィール情報編集失敗: nameを1文字にする ユーザ編集画面を表示しており、フォームの内容が正しい
      Failure/Error: click_button 'Update User'

      Capybara::ElementNotFound:
        Unable to find button "Update User" that is not disabled
      # /home/ec2-user/.rvm/gems/ruby-2.6.3/gems/capybara-3.36.0/lib/capybara/node/finders.rb:303:in `block in synced_resolve'
      # /home/ec2-user/.rvm/gems/ruby-2.6.3/gems/capybara-3.36.0/lib/capybara/node/base.rb:83:in `synchronize'
      # /home/ec2-user/.rvm/gems/ruby-2.6.3/gems/capybara-3.36.0/lib/capybara/node/finders.rb:292:in `synced_resolve'
      # /home/ec2-user/.rvm/gems/ruby-2.6.3/gems/capybara-3.36.0/lib/capybara/node/finders.rb:53:in `find'
      # /home/ec2-user/.rvm/gems/ruby-2.6.3/gems/capybara-3.36.0/lib/capybara/node/actions.rb:58:in `click_button'
      # /home/ec2-user/.rvm/gems/ruby-2.6.3/gems/capybara-3.36.0/lib/capybara/session.rb:778:in `block (2 levels) in <class:Session>'
      # /home/ec2-user/.rvm/gems/ruby-2.6.3/gems/capybara-3.36.0/lib/capybara/dsl.rb:58:in `block (2 levels) in <module:DSL>'
      # ./spec/system/03_finishing_touches_spec.rb:106:in `block (4 levels) in <main>'

  25) [STEP3] 仕上げのテスト 処理失敗時のテスト ユーザのプロフィール情報編集失敗: nameを1文字にする バリデーションエラーが表示される
      Failure/Error: click_button 'Update User'

      Capybara::ElementNotFound:
        Unable to find button "Update User" that is not disabled
      # /home/ec2-user/.rvm/gems/ruby-2.6.3/gems/capybara-3.36.0/lib/capybara/node/finders.rb:303:in `block in synced_resolve'
      # /home/ec2-user/.rvm/gems/ruby-2.6.3/gems/capybara-3.36.0/lib/capybara/node/base.rb:83:in `synchronize'
      # /home/ec2-user/.rvm/gems/ruby-2.6.3/gems/capybara-3.36.0/lib/capybara/node/finders.rb:292:in `synced_resolve'
      # /home/ec2-user/.rvm/gems/ruby-2.6.3/gems/capybara-3.36.0/lib/capybara/node/finders.rb:53:in `find'
      # /home/ec2-user/.rvm/gems/ruby-2.6.3/gems/capybara-3.36.0/lib/capybara/node/actions.rb:58:in `click_button'
      # /home/ec2-user/.rvm/gems/ruby-2.6.3/gems/capybara-3.36.0/lib/capybara/session.rb:778:in `block (2 levels) in <class:Session>'
      # /home/ec2-user/.rvm/gems/ruby-2.6.3/gems/capybara-3.36.0/lib/capybara/dsl.rb:58:in `block (2 levels) in <module:DSL>'
      # ./spec/system/03_finishing_touches_spec.rb:106:in `block (4 levels) in <main>'

  26) [STEP3] 仕上げのテスト 処理失敗時のテスト 投稿データの新規投稿失敗: 投稿一覧画面から行い、titleを空にする 投稿が保存されない
      Failure/Error: redirect_to book_path(@book)

      ActionController::UrlGenerationError:
        No route matches {:action=>"show", :controller=>"books", :id=>nil}, missing required keys: [:id]
      # ./app/controllers/books_controller.rb:10:in `create'
      # /home/ec2-user/.rvm/gems/ruby-2.6.3/gems/warden-1.2.9/lib/warden/manager.rb:36:in `block in call'
      # /home/ec2-user/.rvm/gems/ruby-2.6.3/gems/warden-1.2.9/lib/warden/manager.rb:34:in `catch'
      # /home/ec2-user/.rvm/gems/ruby-2.6.3/gems/warden-1.2.9/lib/warden/manager.rb:34:in `call'
      # /home/ec2-user/.rvm/gems/ruby-2.6.3/gems/rack-2.2.3/lib/rack/tempfile_reaper.rb:15:in `call'
      # /home/ec2-user/.rvm/gems/ruby-2.6.3/gems/rack-2.2.3/lib/rack/etag.rb:27:in `call'
      # /home/ec2-user/.rvm/gems/ruby-2.6.3/gems/rack-2.2.3/lib/rack/conditional_get.rb:40:in `call'
      # /home/ec2-user/.rvm/gems/ruby-2.6.3/gems/rack-2.2.3/lib/rack/head.rb:12:in `call'
      # /home/ec2-user/.rvm/gems/ruby-2.6.3/gems/rack-2.2.3/lib/rack/session/abstract/id.rb:266:in `context'
      # /home/ec2-user/.rvm/gems/ruby-2.6.3/gems/rack-2.2.3/lib/rack/session/abstract/id.rb:260:in `call'
      # /home/ec2-user/.rvm/gems/ruby-2.6.3/gems/railties-5.2.6/lib/rails/rack/logger.rb:38:in `call_app'
      # /home/ec2-user/.rvm/gems/ruby-2.6.3/gems/railties-5.2.6/lib/rails/rack/logger.rb:26:in `block in call'
      # /home/ec2-user/.rvm/gems/ruby-2.6.3/gems/railties-5.2.6/lib/rails/rack/logger.rb:26:in `call'
      # /home/ec2-user/.rvm/gems/ruby-2.6.3/gems/rack-2.2.3/lib/rack/method_override.rb:24:in `call'
      # /home/ec2-user/.rvm/gems/ruby-2.6.3/gems/rack-2.2.3/lib/rack/runtime.rb:22:in `call'
      # /home/ec2-user/.rvm/gems/ruby-2.6.3/gems/rack-2.2.3/lib/rack/sendfile.rb:110:in `call'
      # /home/ec2-user/.rvm/gems/ruby-2.6.3/gems/railties-5.2.6/lib/rails/engine.rb:524:in `call'
      # /home/ec2-user/.rvm/gems/ruby-2.6.3/gems/rack-2.2.3/lib/rack/urlmap.rb:74:in `block in call'
      # /home/ec2-user/.rvm/gems/ruby-2.6.3/gems/rack-2.2.3/lib/rack/urlmap.rb:58:in `each'
      # /home/ec2-user/.rvm/gems/ruby-2.6.3/gems/rack-2.2.3/lib/rack/urlmap.rb:58:in `call'
      # /home/ec2-user/.rvm/gems/ruby-2.6.3/gems/rack-2.2.3/lib/rack/builder.rb:244:in `call'
      # /home/ec2-user/.rvm/gems/ruby-2.6.3/gems/rack-test-1.1.0/lib/rack/mock_session.rb:29:in `request'
      # /home/ec2-user/.rvm/gems/ruby-2.6.3/gems/rack-test-1.1.0/lib/rack/test.rb:266:in `process_request'
      # /home/ec2-user/.rvm/gems/ruby-2.6.3/gems/rack-test-1.1.0/lib/rack/test.rb:129:in `custom_request'
      # /home/ec2-user/.rvm/gems/ruby-2.6.3/gems/rack-test-1.1.0/lib/rack/test.rb:66:in `post'
      # /home/ec2-user/.rvm/gems/ruby-2.6.3/gems/capybara-3.36.0/lib/capybara/rack_test/browser.rb:72:in `process'
      # /home/ec2-user/.rvm/gems/ruby-2.6.3/gems/capybara-3.36.0/lib/capybara/rack_test/browser.rb:47:in `process_and_follow_redirects'
      # /home/ec2-user/.rvm/gems/ruby-2.6.3/gems/capybara-3.36.0/lib/capybara/rack_test/browser.rb:36:in `submit'
      # /home/ec2-user/.rvm/gems/ruby-2.6.3/gems/capybara-3.36.0/lib/capybara/rack_test/form.rb:43:in `submit'
      # /home/ec2-user/.rvm/gems/ruby-2.6.3/gems/capybara-3.36.0/lib/capybara/rack_test/node.rb:75:in `click'
      # /home/ec2-user/.rvm/gems/ruby-2.6.3/gems/capybara-3.36.0/lib/capybara/rack_test/node.rb:144:in `block (2 levels) in <class:Node>'
      # /home/ec2-user/.rvm/gems/ruby-2.6.3/gems/capybara-3.36.0/lib/capybara/node/element.rb:172:in `block in click'
      # /home/ec2-user/.rvm/gems/ruby-2.6.3/gems/capybara-3.36.0/lib/capybara/node/element.rb:597:in `block in perform_click_action'
      # /home/ec2-user/.rvm/gems/ruby-2.6.3/gems/capybara-3.36.0/lib/capybara/node/base.rb:83:in `synchronize'
      # /home/ec2-user/.rvm/gems/ruby-2.6.3/gems/capybara-3.36.0/lib/capybara/node/element.rb:597:in `perform_click_action'
      # /home/ec2-user/.rvm/gems/ruby-2.6.3/gems/capybara-3.36.0/lib/capybara/node/element.rb:171:in `click'
      # /home/ec2-user/.rvm/gems/ruby-2.6.3/gems/capybara-3.36.0/lib/capybara/node/actions.rb:58:in `click_button'
      # /home/ec2-user/.rvm/gems/ruby-2.6.3/gems/capybara-3.36.0/lib/capybara/session.rb:778:in `block (2 levels) in <class:Session>'
      # /home/ec2-user/.rvm/gems/ruby-2.6.3/gems/capybara-3.36.0/lib/capybara/dsl.rb:58:in `block (2 levels) in <module:DSL>'
      # ./spec/system/03_finishing_touches_spec.rb:132:in `block (5 levels) in <main>'
      # ./spec/system/03_finishing_touches_spec.rb:132:in `block (4 levels) in <main>'

  27) [STEP3] 仕上げのテスト 処理失敗時のテスト 投稿データの新規投稿失敗: 投稿一覧画面から行い、titleを空にする 投稿一覧画面を表示している
      Failure/Error: redirect_to book_path(@book)

      ActionController::UrlGenerationError:
        No route matches {:action=>"show", :controller=>"books", :id=>nil}, missing required keys: [:id]
      # ./app/controllers/books_controller.rb:10:in `create'
      # /home/ec2-user/.rvm/gems/ruby-2.6.3/gems/warden-1.2.9/lib/warden/manager.rb:36:in `block in call'
      # /home/ec2-user/.rvm/gems/ruby-2.6.3/gems/warden-1.2.9/lib/warden/manager.rb:34:in `catch'
      # /home/ec2-user/.rvm/gems/ruby-2.6.3/gems/warden-1.2.9/lib/warden/manager.rb:34:in `call'
      # /home/ec2-user/.rvm/gems/ruby-2.6.3/gems/rack-2.2.3/lib/rack/tempfile_reaper.rb:15:in `call'
      # /home/ec2-user/.rvm/gems/ruby-2.6.3/gems/rack-2.2.3/lib/rack/etag.rb:27:in `call'
      # /home/ec2-user/.rvm/gems/ruby-2.6.3/gems/rack-2.2.3/lib/rack/conditional_get.rb:40:in `call'
      # /home/ec2-user/.rvm/gems/ruby-2.6.3/gems/rack-2.2.3/lib/rack/head.rb:12:in `call'
      # /home/ec2-user/.rvm/gems/ruby-2.6.3/gems/rack-2.2.3/lib/rack/session/abstract/id.rb:266:in `context'
      # /home/ec2-user/.rvm/gems/ruby-2.6.3/gems/rack-2.2.3/lib/rack/session/abstract/id.rb:260:in `call'
      # /home/ec2-user/.rvm/gems/ruby-2.6.3/gems/railties-5.2.6/lib/rails/rack/logger.rb:38:in `call_app'
      # /home/ec2-user/.rvm/gems/ruby-2.6.3/gems/railties-5.2.6/lib/rails/rack/logger.rb:26:in `block in call'
      # /home/ec2-user/.rvm/gems/ruby-2.6.3/gems/railties-5.2.6/lib/rails/rack/logger.rb:26:in `call'
      # /home/ec2-user/.rvm/gems/ruby-2.6.3/gems/rack-2.2.3/lib/rack/method_override.rb:24:in `call'
      # /home/ec2-user/.rvm/gems/ruby-2.6.3/gems/rack-2.2.3/lib/rack/runtime.rb:22:in `call'
      # /home/ec2-user/.rvm/gems/ruby-2.6.3/gems/rack-2.2.3/lib/rack/sendfile.rb:110:in `call'
      # /home/ec2-user/.rvm/gems/ruby-2.6.3/gems/railties-5.2.6/lib/rails/engine.rb:524:in `call'
      # /home/ec2-user/.rvm/gems/ruby-2.6.3/gems/rack-2.2.3/lib/rack/urlmap.rb:74:in `block in call'
      # /home/ec2-user/.rvm/gems/ruby-2.6.3/gems/rack-2.2.3/lib/rack/urlmap.rb:58:in `each'
      # /home/ec2-user/.rvm/gems/ruby-2.6.3/gems/rack-2.2.3/lib/rack/urlmap.rb:58:in `call'
      # /home/ec2-user/.rvm/gems/ruby-2.6.3/gems/rack-2.2.3/lib/rack/builder.rb:244:in `call'
      # /home/ec2-user/.rvm/gems/ruby-2.6.3/gems/rack-test-1.1.0/lib/rack/mock_session.rb:29:in `request'
      # /home/ec2-user/.rvm/gems/ruby-2.6.3/gems/rack-test-1.1.0/lib/rack/test.rb:266:in `process_request'
      # /home/ec2-user/.rvm/gems/ruby-2.6.3/gems/rack-test-1.1.0/lib/rack/test.rb:129:in `custom_request'
      # /home/ec2-user/.rvm/gems/ruby-2.6.3/gems/rack-test-1.1.0/lib/rack/test.rb:66:in `post'
      # /home/ec2-user/.rvm/gems/ruby-2.6.3/gems/capybara-3.36.0/lib/capybara/rack_test/browser.rb:72:in `process'
      # /home/ec2-user/.rvm/gems/ruby-2.6.3/gems/capybara-3.36.0/lib/capybara/rack_test/browser.rb:47:in `process_and_follow_redirects'
      # /home/ec2-user/.rvm/gems/ruby-2.6.3/gems/capybara-3.36.0/lib/capybara/rack_test/browser.rb:36:in `submit'
      # /home/ec2-user/.rvm/gems/ruby-2.6.3/gems/capybara-3.36.0/lib/capybara/rack_test/form.rb:43:in `submit'
      # /home/ec2-user/.rvm/gems/ruby-2.6.3/gems/capybara-3.36.0/lib/capybara/rack_test/node.rb:75:in `click'
      # /home/ec2-user/.rvm/gems/ruby-2.6.3/gems/capybara-3.36.0/lib/capybara/rack_test/node.rb:144:in `block (2 levels) in <class:Node>'
      # /home/ec2-user/.rvm/gems/ruby-2.6.3/gems/capybara-3.36.0/lib/capybara/node/element.rb:172:in `block in click'
      # /home/ec2-user/.rvm/gems/ruby-2.6.3/gems/capybara-3.36.0/lib/capybara/node/element.rb:597:in `block in perform_click_action'
      # /home/ec2-user/.rvm/gems/ruby-2.6.3/gems/capybara-3.36.0/lib/capybara/node/base.rb:83:in `synchronize'
      # /home/ec2-user/.rvm/gems/ruby-2.6.3/gems/capybara-3.36.0/lib/capybara/node/element.rb:597:in `perform_click_action'
      # /home/ec2-user/.rvm/gems/ruby-2.6.3/gems/capybara-3.36.0/lib/capybara/node/element.rb:171:in `click'
      # /home/ec2-user/.rvm/gems/ruby-2.6.3/gems/capybara-3.36.0/lib/capybara/node/actions.rb:58:in `click_button'
      # /home/ec2-user/.rvm/gems/ruby-2.6.3/gems/capybara-3.36.0/lib/capybara/session.rb:778:in `block (2 levels) in <class:Session>'
      # /home/ec2-user/.rvm/gems/ruby-2.6.3/gems/capybara-3.36.0/lib/capybara/dsl.rb:58:in `block (2 levels) in <module:DSL>'
      # ./spec/system/03_finishing_touches_spec.rb:135:in `block (4 levels) in <main>'

  28) [STEP3] 仕上げのテスト 処理失敗時のテスト 投稿データの新規投稿失敗: 投稿一覧画面から行い、titleを空にする バリデーションエラーが表示される
      Failure/Error: redirect_to book_path(@book)

      ActionController::UrlGenerationError:
        No route matches {:action=>"show", :controller=>"books", :id=>nil}, missing required keys: [:id]
      # ./app/controllers/books_controller.rb:10:in `create'
      # /home/ec2-user/.rvm/gems/ruby-2.6.3/gems/warden-1.2.9/lib/warden/manager.rb:36:in `block in call'
      # /home/ec2-user/.rvm/gems/ruby-2.6.3/gems/warden-1.2.9/lib/warden/manager.rb:34:in `catch'
      # /home/ec2-user/.rvm/gems/ruby-2.6.3/gems/warden-1.2.9/lib/warden/manager.rb:34:in `call'
      # /home/ec2-user/.rvm/gems/ruby-2.6.3/gems/rack-2.2.3/lib/rack/tempfile_reaper.rb:15:in `call'
      # /home/ec2-user/.rvm/gems/ruby-2.6.3/gems/rack-2.2.3/lib/rack/etag.rb:27:in `call'
      # /home/ec2-user/.rvm/gems/ruby-2.6.3/gems/rack-2.2.3/lib/rack/conditional_get.rb:40:in `call'
      # /home/ec2-user/.rvm/gems/ruby-2.6.3/gems/rack-2.2.3/lib/rack/head.rb:12:in `call'
      # /home/ec2-user/.rvm/gems/ruby-2.6.3/gems/rack-2.2.3/lib/rack/session/abstract/id.rb:266:in `context'
      # /home/ec2-user/.rvm/gems/ruby-2.6.3/gems/rack-2.2.3/lib/rack/session/abstract/id.rb:260:in `call'
      # /home/ec2-user/.rvm/gems/ruby-2.6.3/gems/railties-5.2.6/lib/rails/rack/logger.rb:38:in `call_app'
      # /home/ec2-user/.rvm/gems/ruby-2.6.3/gems/railties-5.2.6/lib/rails/rack/logger.rb:26:in `block in call'
      # /home/ec2-user/.rvm/gems/ruby-2.6.3/gems/railties-5.2.6/lib/rails/rack/logger.rb:26:in `call'
      # /home/ec2-user/.rvm/gems/ruby-2.6.3/gems/rack-2.2.3/lib/rack/method_override.rb:24:in `call'
      # /home/ec2-user/.rvm/gems/ruby-2.6.3/gems/rack-2.2.3/lib/rack/runtime.rb:22:in `call'
      # /home/ec2-user/.rvm/gems/ruby-2.6.3/gems/rack-2.2.3/lib/rack/sendfile.rb:110:in `call'
      # /home/ec2-user/.rvm/gems/ruby-2.6.3/gems/railties-5.2.6/lib/rails/engine.rb:524:in `call'
      # /home/ec2-user/.rvm/gems/ruby-2.6.3/gems/rack-2.2.3/lib/rack/urlmap.rb:74:in `block in call'
      # /home/ec2-user/.rvm/gems/ruby-2.6.3/gems/rack-2.2.3/lib/rack/urlmap.rb:58:in `each'
      # /home/ec2-user/.rvm/gems/ruby-2.6.3/gems/rack-2.2.3/lib/rack/urlmap.rb:58:in `call'
      # /home/ec2-user/.rvm/gems/ruby-2.6.3/gems/rack-2.2.3/lib/rack/builder.rb:244:in `call'
      # /home/ec2-user/.rvm/gems/ruby-2.6.3/gems/rack-test-1.1.0/lib/rack/mock_session.rb:29:in `request'
      # /home/ec2-user/.rvm/gems/ruby-2.6.3/gems/rack-test-1.1.0/lib/rack/test.rb:266:in `process_request'
      # /home/ec2-user/.rvm/gems/ruby-2.6.3/gems/rack-test-1.1.0/lib/rack/test.rb:129:in `custom_request'
      # /home/ec2-user/.rvm/gems/ruby-2.6.3/gems/rack-test-1.1.0/lib/rack/test.rb:66:in `post'
      # /home/ec2-user/.rvm/gems/ruby-2.6.3/gems/capybara-3.36.0/lib/capybara/rack_test/browser.rb:72:in `process'
      # /home/ec2-user/.rvm/gems/ruby-2.6.3/gems/capybara-3.36.0/lib/capybara/rack_test/browser.rb:47:in `process_and_follow_redirects'
      # /home/ec2-user/.rvm/gems/ruby-2.6.3/gems/capybara-3.36.0/lib/capybara/rack_test/browser.rb:36:in `submit'
      # /home/ec2-user/.rvm/gems/ruby-2.6.3/gems/capybara-3.36.0/lib/capybara/rack_test/form.rb:43:in `submit'
      # /home/ec2-user/.rvm/gems/ruby-2.6.3/gems/capybara-3.36.0/lib/capybara/rack_test/node.rb:75:in `click'
      # /home/ec2-user/.rvm/gems/ruby-2.6.3/gems/capybara-3.36.0/lib/capybara/rack_test/node.rb:144:in `block (2 levels) in <class:Node>'
      # /home/ec2-user/.rvm/gems/ruby-2.6.3/gems/capybara-3.36.0/lib/capybara/node/element.rb:172:in `block in click'
      # /home/ec2-user/.rvm/gems/ruby-2.6.3/gems/capybara-3.36.0/lib/capybara/node/element.rb:597:in `block in perform_click_action'
      # /home/ec2-user/.rvm/gems/ruby-2.6.3/gems/capybara-3.36.0/lib/capybara/node/base.rb:83:in `synchronize'
      # /home/ec2-user/.rvm/gems/ruby-2.6.3/gems/capybara-3.36.0/lib/capybara/node/element.rb:597:in `perform_click_action'
      # /home/ec2-user/.rvm/gems/ruby-2.6.3/gems/capybara-3.36.0/lib/capybara/node/element.rb:171:in `click'
      # /home/ec2-user/.rvm/gems/ruby-2.6.3/gems/capybara-3.36.0/lib/capybara/node/actions.rb:58:in `click_button'
      # /home/ec2-user/.rvm/gems/ruby-2.6.3/gems/capybara-3.36.0/lib/capybara/session.rb:778:in `block (2 levels) in <class:Session>'
      # /home/ec2-user/.rvm/gems/ruby-2.6.3/gems/capybara-3.36.0/lib/capybara/dsl.rb:58:in `block (2 levels) in <module:DSL>'
      # ./spec/system/03_finishing_touches_spec.rb:145:in `block (4 levels) in <main>'

  29) [STEP3] 仕上げのテスト 処理失敗時のテスト 投稿データの更新失敗: titleを空にする エラーメッセージが表示される
      Failure/Error: expect(page).to have_content 'error'
        expected to find text "error" in "Bookers\nHome Users Books Log out\nUser info\nname test2 introduction\n設定\nNew book\nTitle\nOpinion\n6p3ntscdyms1hhjqly33\nBook detail\nfzxwn fzxwn 6p3ntscdyms1hhjqly33 Edit Destroy"
      # ./spec/system/03_finishing_touches_spec.rb:171:in `block (4 levels) in <main>'

  30) [STEP3] 仕上げのテスト ログインしていない場合のアクセス制限のテスト: アクセスできず、ログイン画面に遷移する ユーザ一覧画面
      Failure/Error: <%= link_to "設定", edit_user_path(current_user) %>

      ActionView::Template::Error:
        No route matches {:action=>"edit", :controller=>"users", :id=>nil}, missing required keys: [:id]
      # ./app/views/users/_info.html.erb:17:in `_app_views_users__info_html_erb___3136411505888878913_88581140'
      # ./app/views/users/index.html.erb:5:in `_app_views_users_index_html_erb__1120220730384979958_86627560'
      # /home/ec2-user/.rvm/gems/ruby-2.6.3/gems/warden-1.2.9/lib/warden/manager.rb:36:in `block in call'
      # /home/ec2-user/.rvm/gems/ruby-2.6.3/gems/warden-1.2.9/lib/warden/manager.rb:34:in `catch'
      # /home/ec2-user/.rvm/gems/ruby-2.6.3/gems/warden-1.2.9/lib/warden/manager.rb:34:in `call'
      # /home/ec2-user/.rvm/gems/ruby-2.6.3/gems/rack-2.2.3/lib/rack/tempfile_reaper.rb:15:in `call'
      # /home/ec2-user/.rvm/gems/ruby-2.6.3/gems/rack-2.2.3/lib/rack/etag.rb:27:in `call'
      # /home/ec2-user/.rvm/gems/ruby-2.6.3/gems/rack-2.2.3/lib/rack/conditional_get.rb:27:in `call'
      # /home/ec2-user/.rvm/gems/ruby-2.6.3/gems/rack-2.2.3/lib/rack/head.rb:12:in `call'
      # /home/ec2-user/.rvm/gems/ruby-2.6.3/gems/rack-2.2.3/lib/rack/session/abstract/id.rb:266:in `context'
      # /home/ec2-user/.rvm/gems/ruby-2.6.3/gems/rack-2.2.3/lib/rack/session/abstract/id.rb:260:in `call'
      # /home/ec2-user/.rvm/gems/ruby-2.6.3/gems/railties-5.2.6/lib/rails/rack/logger.rb:38:in `call_app'
      # /home/ec2-user/.rvm/gems/ruby-2.6.3/gems/railties-5.2.6/lib/rails/rack/logger.rb:26:in `block in call'
      # /home/ec2-user/.rvm/gems/ruby-2.6.3/gems/railties-5.2.6/lib/rails/rack/logger.rb:26:in `call'
      # /home/ec2-user/.rvm/gems/ruby-2.6.3/gems/rack-2.2.3/lib/rack/method_override.rb:24:in `call'
      # /home/ec2-user/.rvm/gems/ruby-2.6.3/gems/rack-2.2.3/lib/rack/runtime.rb:22:in `call'
      # /home/ec2-user/.rvm/gems/ruby-2.6.3/gems/rack-2.2.3/lib/rack/sendfile.rb:110:in `call'
      # /home/ec2-user/.rvm/gems/ruby-2.6.3/gems/railties-5.2.6/lib/rails/engine.rb:524:in `call'
      # /home/ec2-user/.rvm/gems/ruby-2.6.3/gems/rack-2.2.3/lib/rack/urlmap.rb:74:in `block in call'
      # /home/ec2-user/.rvm/gems/ruby-2.6.3/gems/rack-2.2.3/lib/rack/urlmap.rb:58:in `each'
      # /home/ec2-user/.rvm/gems/ruby-2.6.3/gems/rack-2.2.3/lib/rack/urlmap.rb:58:in `call'
      # /home/ec2-user/.rvm/gems/ruby-2.6.3/gems/rack-2.2.3/lib/rack/builder.rb:244:in `call'
      # /home/ec2-user/.rvm/gems/ruby-2.6.3/gems/rack-test-1.1.0/lib/rack/mock_session.rb:29:in `request'
      # /home/ec2-user/.rvm/gems/ruby-2.6.3/gems/rack-test-1.1.0/lib/rack/test.rb:266:in `process_request'
      # /home/ec2-user/.rvm/gems/ruby-2.6.3/gems/rack-test-1.1.0/lib/rack/test.rb:129:in `custom_request'
      # /home/ec2-user/.rvm/gems/ruby-2.6.3/gems/rack-test-1.1.0/lib/rack/test.rb:58:in `get'
      # /home/ec2-user/.rvm/gems/ruby-2.6.3/gems/capybara-3.36.0/lib/capybara/rack_test/browser.rb:72:in `process'
      # /home/ec2-user/.rvm/gems/ruby-2.6.3/gems/capybara-3.36.0/lib/capybara/rack_test/browser.rb:47:in `process_and_follow_redirects'
      # /home/ec2-user/.rvm/gems/ruby-2.6.3/gems/capybara-3.36.0/lib/capybara/rack_test/browser.rb:24:in `visit'
      # /home/ec2-user/.rvm/gems/ruby-2.6.3/gems/capybara-3.36.0/lib/capybara/rack_test/driver.rb:46:in `visit'
      # /home/ec2-user/.rvm/gems/ruby-2.6.3/gems/capybara-3.36.0/lib/capybara/session.rb:278:in `visit'
      # /home/ec2-user/.rvm/gems/ruby-2.6.3/gems/capybara-3.36.0/lib/capybara/dsl.rb:58:in `block (2 levels) in <module:DSL>'
      # ./spec/system/03_finishing_touches_spec.rb:180:in `block (3 levels) in <main>'
      # ------------------
      # --- Caused by: ---
      # ActionController::UrlGenerationError:
      #   No route matches {:action=>"edit", :controller=>"users", :id=>nil}, missing required keys: [:id]
      #   ./app/views/users/_info.html.erb:17:in `_app_views_users__info_html_erb___3136411505888878913_88581140'

  31) [STEP3] 仕上げのテスト ログインしていない場合のアクセス制限のテスト: アクセスできず、ログイン画面に遷移する ユーザ詳細画面
      Failure/Error: <%= link_to "設定", edit_user_path(current_user) %>

      ActionView::Template::Error:
        No route matches {:action=>"edit", :controller=>"users", :id=>nil}, missing required keys: [:id]
      # ./app/views/users/_info.html.erb:17:in `_app_views_users__info_html_erb___3136411505888878913_88581140'
      # ./app/views/users/show.html.erb:5:in `_app_views_users_show_html_erb__1057423435209239017_88565620'
      # /home/ec2-user/.rvm/gems/ruby-2.6.3/gems/warden-1.2.9/lib/warden/manager.rb:36:in `block in call'
      # /home/ec2-user/.rvm/gems/ruby-2.6.3/gems/warden-1.2.9/lib/warden/manager.rb:34:in `catch'
      # /home/ec2-user/.rvm/gems/ruby-2.6.3/gems/warden-1.2.9/lib/warden/manager.rb:34:in `call'
      # /home/ec2-user/.rvm/gems/ruby-2.6.3/gems/rack-2.2.3/lib/rack/tempfile_reaper.rb:15:in `call'
      # /home/ec2-user/.rvm/gems/ruby-2.6.3/gems/rack-2.2.3/lib/rack/etag.rb:27:in `call'
      # /home/ec2-user/.rvm/gems/ruby-2.6.3/gems/rack-2.2.3/lib/rack/conditional_get.rb:27:in `call'
      # /home/ec2-user/.rvm/gems/ruby-2.6.3/gems/rack-2.2.3/lib/rack/head.rb:12:in `call'
      # /home/ec2-user/.rvm/gems/ruby-2.6.3/gems/rack-2.2.3/lib/rack/session/abstract/id.rb:266:in `context'
      # /home/ec2-user/.rvm/gems/ruby-2.6.3/gems/rack-2.2.3/lib/rack/session/abstract/id.rb:260:in `call'
      # /home/ec2-user/.rvm/gems/ruby-2.6.3/gems/railties-5.2.6/lib/rails/rack/logger.rb:38:in `call_app'
      # /home/ec2-user/.rvm/gems/ruby-2.6.3/gems/railties-5.2.6/lib/rails/rack/logger.rb:26:in `block in call'
      # /home/ec2-user/.rvm/gems/ruby-2.6.3/gems/railties-5.2.6/lib/rails/rack/logger.rb:26:in `call'
      # /home/ec2-user/.rvm/gems/ruby-2.6.3/gems/rack-2.2.3/lib/rack/method_override.rb:24:in `call'
      # /home/ec2-user/.rvm/gems/ruby-2.6.3/gems/rack-2.2.3/lib/rack/runtime.rb:22:in `call'
      # /home/ec2-user/.rvm/gems/ruby-2.6.3/gems/rack-2.2.3/lib/rack/sendfile.rb:110:in `call'
      # /home/ec2-user/.rvm/gems/ruby-2.6.3/gems/railties-5.2.6/lib/rails/engine.rb:524:in `call'
      # /home/ec2-user/.rvm/gems/ruby-2.6.3/gems/rack-2.2.3/lib/rack/urlmap.rb:74:in `block in call'
      # /home/ec2-user/.rvm/gems/ruby-2.6.3/gems/rack-2.2.3/lib/rack/urlmap.rb:58:in `each'
      # /home/ec2-user/.rvm/gems/ruby-2.6.3/gems/rack-2.2.3/lib/rack/urlmap.rb:58:in `call'
      # /home/ec2-user/.rvm/gems/ruby-2.6.3/gems/rack-2.2.3/lib/rack/builder.rb:244:in `call'
      # /home/ec2-user/.rvm/gems/ruby-2.6.3/gems/rack-test-1.1.0/lib/rack/mock_session.rb:29:in `request'
      # /home/ec2-user/.rvm/gems/ruby-2.6.3/gems/rack-test-1.1.0/lib/rack/test.rb:266:in `process_request'
      # /home/ec2-user/.rvm/gems/ruby-2.6.3/gems/rack-test-1.1.0/lib/rack/test.rb:129:in `custom_request'
      # /home/ec2-user/.rvm/gems/ruby-2.6.3/gems/rack-test-1.1.0/lib/rack/test.rb:58:in `get'
      # /home/ec2-user/.rvm/gems/ruby-2.6.3/gems/capybara-3.36.0/lib/capybara/rack_test/browser.rb:72:in `process'
      # /home/ec2-user/.rvm/gems/ruby-2.6.3/gems/capybara-3.36.0/lib/capybara/rack_test/browser.rb:47:in `process_and_follow_redirects'
      # /home/ec2-user/.rvm/gems/ruby-2.6.3/gems/capybara-3.36.0/lib/capybara/rack_test/browser.rb:24:in `visit'
      # /home/ec2-user/.rvm/gems/ruby-2.6.3/gems/capybara-3.36.0/lib/capybara/rack_test/driver.rb:46:in `visit'
      # /home/ec2-user/.rvm/gems/ruby-2.6.3/gems/capybara-3.36.0/lib/capybara/session.rb:278:in `visit'
      # /home/ec2-user/.rvm/gems/ruby-2.6.3/gems/capybara-3.36.0/lib/capybara/dsl.rb:58:in `block (2 levels) in <module:DSL>'
      # ./spec/system/03_finishing_touches_spec.rb:184:in `block (3 levels) in <main>'
      # ------------------
      # --- Caused by: ---
      # ActionController::UrlGenerationError:
      #   No route matches {:action=>"edit", :controller=>"users", :id=>nil}, missing required keys: [:id]
      #   ./app/views/users/_info.html.erb:17:in `_app_views_users__info_html_erb___3136411505888878913_88581140'

  32) [STEP3] 仕上げのテスト ログインしていない場合のアクセス制限のテスト: アクセスできず、ログイン画面に遷移する ユーザ情報編集画面
      Failure/Error: is_expected.to eq '/users/sign_in'

        expected: "/users/sign_in"
             got: "/users/2/edit"

        (compared using ==)
      # ./spec/system/03_finishing_touches_spec.rb:189:in `block (3 levels) in <main>'

  33) [STEP3] 仕上げのテスト ログインしていない場合のアクセス制限のテスト: アクセスできず、ログイン画面に遷移する 投稿一覧画面
      Failure/Error: <%= link_to "設定", edit_user_path(current_user) %>

      ActionView::Template::Error:
        No route matches {:action=>"edit", :controller=>"users", :id=>nil}, missing required keys: [:id]
      # ./app/views/users/_info.html.erb:17:in `_app_views_users__info_html_erb___3136411505888878913_88581140'
      # ./app/views/books/index.html.erb:5:in `_app_views_books_index_html_erb___4519832542854957591_89813300'
      # /home/ec2-user/.rvm/gems/ruby-2.6.3/gems/warden-1.2.9/lib/warden/manager.rb:36:in `block in call'
      # /home/ec2-user/.rvm/gems/ruby-2.6.3/gems/warden-1.2.9/lib/warden/manager.rb:34:in `catch'
      # /home/ec2-user/.rvm/gems/ruby-2.6.3/gems/warden-1.2.9/lib/warden/manager.rb:34:in `call'
      # /home/ec2-user/.rvm/gems/ruby-2.6.3/gems/rack-2.2.3/lib/rack/tempfile_reaper.rb:15:in `call'
      # /home/ec2-user/.rvm/gems/ruby-2.6.3/gems/rack-2.2.3/lib/rack/etag.rb:27:in `call'
      # /home/ec2-user/.rvm/gems/ruby-2.6.3/gems/rack-2.2.3/lib/rack/conditional_get.rb:27:in `call'
      # /home/ec2-user/.rvm/gems/ruby-2.6.3/gems/rack-2.2.3/lib/rack/head.rb:12:in `call'
      # /home/ec2-user/.rvm/gems/ruby-2.6.3/gems/rack-2.2.3/lib/rack/session/abstract/id.rb:266:in `context'
      # /home/ec2-user/.rvm/gems/ruby-2.6.3/gems/rack-2.2.3/lib/rack/session/abstract/id.rb:260:in `call'
      # /home/ec2-user/.rvm/gems/ruby-2.6.3/gems/railties-5.2.6/lib/rails/rack/logger.rb:38:in `call_app'
      # /home/ec2-user/.rvm/gems/ruby-2.6.3/gems/railties-5.2.6/lib/rails/rack/logger.rb:26:in `block in call'
      # /home/ec2-user/.rvm/gems/ruby-2.6.3/gems/railties-5.2.6/lib/rails/rack/logger.rb:26:in `call'
      # /home/ec2-user/.rvm/gems/ruby-2.6.3/gems/rack-2.2.3/lib/rack/method_override.rb:24:in `call'
      # /home/ec2-user/.rvm/gems/ruby-2.6.3/gems/rack-2.2.3/lib/rack/runtime.rb:22:in `call'
      # /home/ec2-user/.rvm/gems/ruby-2.6.3/gems/rack-2.2.3/lib/rack/sendfile.rb:110:in `call'
      # /home/ec2-user/.rvm/gems/ruby-2.6.3/gems/railties-5.2.6/lib/rails/engine.rb:524:in `call'
      # /home/ec2-user/.rvm/gems/ruby-2.6.3/gems/rack-2.2.3/lib/rack/urlmap.rb:74:in `block in call'
      # /home/ec2-user/.rvm/gems/ruby-2.6.3/gems/rack-2.2.3/lib/rack/urlmap.rb:58:in `each'
      # /home/ec2-user/.rvm/gems/ruby-2.6.3/gems/rack-2.2.3/lib/rack/urlmap.rb:58:in `call'
      # /home/ec2-user/.rvm/gems/ruby-2.6.3/gems/rack-2.2.3/lib/rack/builder.rb:244:in `call'
      # /home/ec2-user/.rvm/gems/ruby-2.6.3/gems/rack-test-1.1.0/lib/rack/mock_session.rb:29:in `request'
      # /home/ec2-user/.rvm/gems/ruby-2.6.3/gems/rack-test-1.1.0/lib/rack/test.rb:266:in `process_request'
      # /home/ec2-user/.rvm/gems/ruby-2.6.3/gems/rack-test-1.1.0/lib/rack/test.rb:129:in `custom_request'
      # /home/ec2-user/.rvm/gems/ruby-2.6.3/gems/rack-test-1.1.0/lib/rack/test.rb:58:in `get'
      # /home/ec2-user/.rvm/gems/ruby-2.6.3/gems/capybara-3.36.0/lib/capybara/rack_test/browser.rb:72:in `process'
      # /home/ec2-user/.rvm/gems/ruby-2.6.3/gems/capybara-3.36.0/lib/capybara/rack_test/browser.rb:47:in `process_and_follow_redirects'
      # /home/ec2-user/.rvm/gems/ruby-2.6.3/gems/capybara-3.36.0/lib/capybara/rack_test/browser.rb:24:in `visit'
      # /home/ec2-user/.rvm/gems/ruby-2.6.3/gems/capybara-3.36.0/lib/capybara/rack_test/driver.rb:46:in `visit'
      # /home/ec2-user/.rvm/gems/ruby-2.6.3/gems/capybara-3.36.0/lib/capybara/session.rb:278:in `visit'
      # /home/ec2-user/.rvm/gems/ruby-2.6.3/gems/capybara-3.36.0/lib/capybara/dsl.rb:58:in `block (2 levels) in <module:DSL>'
      # ./spec/system/03_finishing_touches_spec.rb:192:in `block (3 levels) in <main>'
      # ------------------
      # --- Caused by: ---
      # ActionController::UrlGenerationError:
      #   No route matches {:action=>"edit", :controller=>"users", :id=>nil}, missing required keys: [:id]
      #   ./app/views/users/_info.html.erb:17:in `_app_views_users__info_html_erb___3136411505888878913_88581140'

  34) [STEP3] 仕上げのテスト ログインしていない場合のアクセス制限のテスト: アクセスできず、ログイン画面に遷移する 投稿詳細画面
      Failure/Error: <%= link_to "設定", edit_user_path(current_user) %>

      ActionView::Template::Error:
        No route matches {:action=>"edit", :controller=>"users", :id=>nil}, missing required keys: [:id]
      # ./app/views/users/_info.html.erb:17:in `_app_views_users__info_html_erb___3136411505888878913_88581140'
      # ./app/views/books/show.html.erb:5:in `_app_views_books_show_html_erb___4314752896064830505_67168380'
      # /home/ec2-user/.rvm/gems/ruby-2.6.3/gems/warden-1.2.9/lib/warden/manager.rb:36:in `block in call'
      # /home/ec2-user/.rvm/gems/ruby-2.6.3/gems/warden-1.2.9/lib/warden/manager.rb:34:in `catch'
      # /home/ec2-user/.rvm/gems/ruby-2.6.3/gems/warden-1.2.9/lib/warden/manager.rb:34:in `call'
      # /home/ec2-user/.rvm/gems/ruby-2.6.3/gems/rack-2.2.3/lib/rack/tempfile_reaper.rb:15:in `call'
      # /home/ec2-user/.rvm/gems/ruby-2.6.3/gems/rack-2.2.3/lib/rack/etag.rb:27:in `call'
      # /home/ec2-user/.rvm/gems/ruby-2.6.3/gems/rack-2.2.3/lib/rack/conditional_get.rb:27:in `call'
      # /home/ec2-user/.rvm/gems/ruby-2.6.3/gems/rack-2.2.3/lib/rack/head.rb:12:in `call'
      # /home/ec2-user/.rvm/gems/ruby-2.6.3/gems/rack-2.2.3/lib/rack/session/abstract/id.rb:266:in `context'
      # /home/ec2-user/.rvm/gems/ruby-2.6.3/gems/rack-2.2.3/lib/rack/session/abstract/id.rb:260:in `call'
      # /home/ec2-user/.rvm/gems/ruby-2.6.3/gems/railties-5.2.6/lib/rails/rack/logger.rb:38:in `call_app'
      # /home/ec2-user/.rvm/gems/ruby-2.6.3/gems/railties-5.2.6/lib/rails/rack/logger.rb:26:in `block in call'
      # /home/ec2-user/.rvm/gems/ruby-2.6.3/gems/railties-5.2.6/lib/rails/rack/logger.rb:26:in `call'
      # /home/ec2-user/.rvm/gems/ruby-2.6.3/gems/rack-2.2.3/lib/rack/method_override.rb:24:in `call'
      # /home/ec2-user/.rvm/gems/ruby-2.6.3/gems/rack-2.2.3/lib/rack/runtime.rb:22:in `call'
      # /home/ec2-user/.rvm/gems/ruby-2.6.3/gems/rack-2.2.3/lib/rack/sendfile.rb:110:in `call'
      # /home/ec2-user/.rvm/gems/ruby-2.6.3/gems/railties-5.2.6/lib/rails/engine.rb:524:in `call'
      # /home/ec2-user/.rvm/gems/ruby-2.6.3/gems/rack-2.2.3/lib/rack/urlmap.rb:74:in `block in call'
      # /home/ec2-user/.rvm/gems/ruby-2.6.3/gems/rack-2.2.3/lib/rack/urlmap.rb:58:in `each'
      # /home/ec2-user/.rvm/gems/ruby-2.6.3/gems/rack-2.2.3/lib/rack/urlmap.rb:58:in `call'
      # /home/ec2-user/.rvm/gems/ruby-2.6.3/gems/rack-2.2.3/lib/rack/builder.rb:244:in `call'
      # /home/ec2-user/.rvm/gems/ruby-2.6.3/gems/rack-test-1.1.0/lib/rack/mock_session.rb:29:in `request'
      # /home/ec2-user/.rvm/gems/ruby-2.6.3/gems/rack-test-1.1.0/lib/rack/test.rb:266:in `process_request'
      # /home/ec2-user/.rvm/gems/ruby-2.6.3/gems/rack-test-1.1.0/lib/rack/test.rb:129:in `custom_request'
      # /home/ec2-user/.rvm/gems/ruby-2.6.3/gems/rack-test-1.1.0/lib/rack/test.rb:58:in `get'
      # /home/ec2-user/.rvm/gems/ruby-2.6.3/gems/capybara-3.36.0/lib/capybara/rack_test/browser.rb:72:in `process'
      # /home/ec2-user/.rvm/gems/ruby-2.6.3/gems/capybara-3.36.0/lib/capybara/rack_test/browser.rb:47:in `process_and_follow_redirects'
      # /home/ec2-user/.rvm/gems/ruby-2.6.3/gems/capybara-3.36.0/lib/capybara/rack_test/browser.rb:24:in `visit'
      # /home/ec2-user/.rvm/gems/ruby-2.6.3/gems/capybara-3.36.0/lib/capybara/rack_test/driver.rb:46:in `visit'
      # /home/ec2-user/.rvm/gems/ruby-2.6.3/gems/capybara-3.36.0/lib/capybara/session.rb:278:in `visit'
      # /home/ec2-user/.rvm/gems/ruby-2.6.3/gems/capybara-3.36.0/lib/capybara/dsl.rb:58:in `block (2 levels) in <module:DSL>'
      # ./spec/system/03_finishing_touches_spec.rb:196:in `block (3 levels) in <main>'
      # ------------------
      # --- Caused by: ---
      # ActionController::UrlGenerationError:
      #   No route matches {:action=>"edit", :controller=>"users", :id=>nil}, missing required keys: [:id]
      #   ./app/views/users/_info.html.erb:17:in `_app_views_users__info_html_erb___3136411505888878913_88581140'

  35) [STEP3] 仕上げのテスト ログインしていない場合のアクセス制限のテスト: アクセスできず、ログイン画面に遷移する 投稿編集画面
      Failure/Error: is_expected.to eq '/users/sign_in'

        expected: "/users/sign_in"
             got: "/books/1/edit"

        (compared using ==)
      # ./spec/system/03_finishing_touches_spec.rb:201:in `block (3 levels) in <main>'

  36) [STEP3] 仕上げのテスト 他人の画面のテスト 他人の投稿詳細画面のテスト 表示内容の確認 ユーザ画像・名前のリンク先が正しい
      Failure/Error: expect(page).to have_link other_book.user.name, href: user_path(other_book.user)
        expected to find link "m5yta1e1v5" with href "/users/1" but there were no matches
      # ./spec/system/03_finishing_touches_spec.rb:226:in `block (5 levels) in <main>'

  37) [STEP3] 仕上げのテスト 他人の画面のテスト 他人の投稿詳細画面のテスト サイドバーの確認 他人の名前と紹介文が表示される
      Failure/Error: expect(page).to have_content other_user.name
        expected to find text "0h67uee438" in "Bookers\nHome Users Books Log out\nUser info\nname test2 introduction\n設定\nNew book\nTitle\nOpinion\n385zvo30a943vmz0nobr\nBook detail\nqvehe qvehe 385zvo30a943vmz0nobr"
      # ./spec/system/03_finishing_touches_spec.rb:244:in `block (5 levels) in <main>'

  38) [STEP3] 仕上げのテスト 他人の画面のテスト 他人の投稿詳細画面のテスト サイドバーの確認 他人のユーザ編集画面へのリンクが存在する
      Failure/Error: expect(page).to have_link '', href: edit_user_path(other_user)
        expected to find link "" with href "/users/1/edit" but there were no matches
      # ./spec/system/03_finishing_touches_spec.rb:248:in `block (5 levels) in <main>'

  39) [STEP3] 仕上げのテスト 他人の画面のテスト 他人の投稿詳細画面のテスト サイドバーの確認 自分のユーザ編集画面へのリンクは存在しない
      Failure/Error: expect(page).not_to have_link '', href: edit_user_path(user)
        expected not to find visible link "" with href "/users/2/edit", found 1 match: "設定"
      # ./spec/system/03_finishing_touches_spec.rb:255:in `block (5 levels) in <main>'

  40) [STEP3] 仕上げのテスト 他人の画面のテスト 他人の投稿編集画面 遷移できず、投稿一覧画面にリダイレクトされる
      Failure/Error: expect(current_path).to eq '/books'

        expected: "/books"
             got: "/books/2/edit"

        (compared using ==)
      # ./spec/system/03_finishing_touches_spec.rb:263:in `block (4 levels) in <main>'

  41) [STEP3] 仕上げのテスト 他人の画面のテスト 他人のユーザ詳細画面のテスト 表示の確認 投稿一覧のユーザ画像のリンク先が正しい
      Failure/Error: expect(page).to have_link '', href: user_path(other_user)
        expected to find link "" with href "/users/1" but there were no matches
      # ./spec/system/03_finishing_touches_spec.rb:277:in `block (5 levels) in <main>'

  42) [STEP3] 仕上げのテスト 他人の画面のテスト 他人のユーザ詳細画面のテスト サイドバーの確認 他人の名前と紹介文が表示される
      Failure/Error: expect(page).to have_content other_user.name
        expected to find text "2ah0kg3b86" in "Bookers\nHome Users Books Log out\nUser info\nname test2 introduction\n設定\nNew book\nTitle\nOpinion\nUsers\nimage name t9kl4 t9kl4 splnlji8vubs1vu1sm7j"
      # ./spec/system/03_finishing_touches_spec.rb:293:in `block (5 levels) in <main>'

  43) [STEP3] 仕上げのテスト 他人の画面のテスト 他人のユーザ詳細画面のテスト サイドバーの確認 他人のユーザ編集画面へのリンクが存在する
      Failure/Error: expect(page).to have_link '', href: edit_user_path(other_user)
        expected to find link "" with href "/users/1/edit" but there were no matches
      # ./spec/system/03_finishing_touches_spec.rb:297:in `block (5 levels) in <main>'

  44) [STEP3] 仕上げのテスト 他人の画面のテスト 他人のユーザ詳細画面のテスト サイドバーの確認 自分のユーザ編集画面へのリンクは存在しない
      Failure/Error: expect(page).not_to have_link '', href: edit_user_path(user)
        expected not to find visible link "" with href "/users/2/edit", found 1 match: "設定"
      # ./spec/system/03_finishing_touches_spec.rb:304:in `block (5 levels) in <main>'

  45) [STEP3] 仕上げのテスト 他人の画面のテスト 他人のユーザ情報編集画面 遷移できず、自分のユーザ詳細画面にリダイレクトされる
      Failure/Error: expect(current_path).to eq '/users/' + user.id.to_s

        expected: "/users/2"
             got: "/users/1/edit"

        (compared using ==)
      # ./spec/system/03_finishing_touches_spec.rb:312:in `block (4 levels) in <main>'

  46) [STEP3] 仕上げのテスト アイコンのテスト ヘッダー: ログインしている場合 Usersリンクのアイコンが表示される
      Failure/Error: is_expected.to have_selector '.fas.fa-users'
        expected to find css ".fas.fa-users" but there were no matches
      # ./spec/system/03_finishing_touches_spec.rb:409:in `block (4 levels) in <main>'

  47) [STEP3] 仕上げのテスト アイコンのテスト ヘッダー: ログインしている場合 Booksリンクのアイコンが表示される
      Failure/Error: is_expected.to have_selector '.fas.fa-book-open'
        expected to find css ".fas.fa-book-open" but there were no matches
      # ./spec/system/03_finishing_touches_spec.rb:412:in `block (4 levels) in <main>'

  48) [STEP3] 仕上げのテスト アイコンのテスト ヘッダー: ログインしている場合 Log outリンクのアイコンが表示される
      Failure/Error: is_expected.to have_selector '.fas.fa-sign-out-alt'
        expected to find css ".fas.fa-sign-out-alt" but there were no matches
      # ./spec/system/03_finishing_touches_spec.rb:415:in `block (4 levels) in <main>'

  49) [STEP3] 仕上げのテスト アイコンのテスト サイドバー ユーザ一覧画面でレンチアイコンが表示される
      Failure/Error: is_expected.to have_selector '.fas.fa-user-cog'
        expected to find css ".fas.fa-user-cog" but there were no matches
      # ./spec/system/03_finishing_touches_spec.rb:431:in `block (4 levels) in <main>'

  50) [STEP3] 仕上げのテスト アイコンのテスト サイドバー ユーザ詳細画面でレンチアイコンが表示される
      Failure/Error: is_expected.to have_selector '.fas.fa-user-cog'
        expected to find css ".fas.fa-user-cog" but there were no matches
      # ./spec/system/03_finishing_touches_spec.rb:435:in `block (4 levels) in <main>'

  51) [STEP3] 仕上げのテスト アイコンのテスト サイドバー 投稿一覧画面でレンチアイコンが表示される
      Failure/Error: is_expected.to have_selector '.fas.fa-user-cog'
        expected to find css ".fas.fa-user-cog" but there were no matches
      # ./spec/system/03_finishing_touches_spec.rb:439:in `block (4 levels) in <main>'

  52) [STEP3] 仕上げのテスト アイコンのテスト サイドバー 投稿詳細画面でレンチアイコンが表示される
      Failure/Error: is_expected.to have_selector '.fas.fa-user-cog'
        expected to find css ".fas.fa-user-cog" but there were no matches
      # ./spec/system/03_finishing_touches_spec.rb:443:in `block (4 levels) in <main>'

Finished in 16.02 seconds (files took 1.45 seconds to load)
199 examples, 52 failures

Failed examples:

rspec ./spec/system/02_after_login_spec.rb:50 # [STEP2] ユーザログイン後のテスト 投稿一覧画面のテスト 表示内容の確認 自分と他人の画像のリンク先が正しい
rspec ./spec/system/02_after_login_spec.rb:65 # [STEP2] ユーザログイン後のテスト 投稿一覧画面のテスト サイドバーの確認 自分の名前と紹介文が表示される
rspec ./spec/system/02_after_login_spec.rb:120 # [STEP2] ユーザログイン後のテスト 自分の投稿詳細画面のテスト 表示内容の確認 ユーザ画像・名前のリンク先が正しい
rspec ./spec/system/02_after_login_spec.rb:138 # [STEP2] ユーザログイン後のテスト 自分の投稿詳細画面のテスト サイドバーの確認 自分の名前と紹介文が表示される
rspec ./spec/system/02_after_login_spec.rb:157 # [STEP2] ユーザログイン後のテスト 自分の投稿詳細画面のテスト サイドバーの確認 opinionフォームに値が入っていない
rspec ./spec/system/02_after_login_spec.rb:171 # [STEP2] ユーザログイン後のテスト 自分の投稿詳細画面のテスト 投稿成功のテスト 自分の新しい投稿が正しく保存される
rspec ./spec/system/02_after_login_spec.rb:281 # [STEP2] ユーザログイン後のテスト ユーザ一覧画面のテスト サイドバーの確認 自分の名前と紹介文が表示される
rspec ./spec/system/02_after_login_spec.rb:291 # [STEP2] ユーザログイン後のテスト ユーザ一覧画面のテスト サイドバーの確認 titleフォームが表示される
rspec ./spec/system/02_after_login_spec.rb:294 # [STEP2] ユーザログイン後のテスト ユーザ一覧画面のテスト サイドバーの確認 titleフォームに値が入っていない
rspec ./spec/system/02_after_login_spec.rb:297 # [STEP2] ユーザログイン後のテスト ユーザ一覧画面のテスト サイドバーの確認 opinionフォームが表示される
rspec ./spec/system/02_after_login_spec.rb:300 # [STEP2] ユーザログイン後のテスト ユーザ一覧画面のテスト サイドバーの確認 opinionフォームに値が入っていない
rspec ./spec/system/02_after_login_spec.rb:335 # [STEP2] ユーザログイン後のテスト 自分のユーザ詳細画面のテスト サイドバーの確認 自分の名前と紹介文が表示される
rspec ./spec/system/02_after_login_spec.rb:381 # [STEP2] ユーザログイン後のテスト 自分のユーザ情報編集画面のテスト 表示の確認 Update Userボタンが表示される
rspec ./spec/system/02_after_login_spec.rb:395 # [STEP2] ユーザログイン後のテスト 自分のユーザ情報編集画面のテスト 更新成功のテスト nameが正しく更新される
rspec ./spec/system/02_after_login_spec.rb:398 # [STEP2] ユーザログイン後のテスト 自分のユーザ情報編集画面のテスト 更新成功のテスト introductionが正しく更新される
rspec ./spec/system/02_after_login_spec.rb:401 # [STEP2] ユーザログイン後のテスト 自分のユーザ情報編集画面のテスト 更新成功のテスト リダイレクト先が、自分のユーザ詳細画面になっている
rspec ./spec/system/03_finishing_touches_spec.rb:12 # [STEP3] 仕上げのテスト サクセスメッセージのテスト ユーザ新規登録成功時
rspec ./spec/system/03_finishing_touches_spec.rb:21 # [STEP3] 仕上げのテスト サクセスメッセージのテスト ユーザログイン成功時
rspec ./spec/system/03_finishing_touches_spec.rb:28 # [STEP3] 仕上げのテスト サクセスメッセージのテスト ユーザログアウト成功時
rspec ./spec/system/03_finishing_touches_spec.rb:38 # [STEP3] 仕上げのテスト サクセスメッセージのテスト ユーザのプロフィール情報更新成功時
rspec ./spec/system/03_finishing_touches_spec.rb:47 # [STEP3] 仕上げのテスト サクセスメッセージのテスト 投稿データの新規投稿成功時: 投稿一覧画面から行います。
rspec ./spec/system/03_finishing_touches_spec.rb:58 # [STEP3] 仕上げのテスト サクセスメッセージのテスト 投稿データの更新成功時
rspec ./spec/system/03_finishing_touches_spec.rb:109 # [STEP3] 仕上げのテスト 処理失敗時のテスト ユーザのプロフィール情報編集失敗: nameを1文字にする 更新されない
rspec ./spec/system/03_finishing_touches_spec.rb:112 # [STEP3] 仕上げのテスト 処理失敗時のテスト ユーザのプロフィール情報編集失敗: nameを1文字にする ユーザ編集画面を表示しており、フォームの内容が正しい
rspec ./spec/system/03_finishing_touches_spec.rb:115 # [STEP3] 仕上げのテスト 処理失敗時のテスト ユーザのプロフィール情報編集失敗: nameを1文字にする バリデーションエラーが表示される
rspec ./spec/system/03_finishing_touches_spec.rb:131 # [STEP3] 仕上げのテスト 処理失敗時のテスト 投稿データの新規投稿失敗: 投稿一覧画面から行い、titleを空にする 投稿が保存されない
rspec ./spec/system/03_finishing_touches_spec.rb:134 # [STEP3] 仕上げのテスト 処理失敗時のテスト 投稿データの新規投稿失敗: 投稿一覧画面から行い、titleを空にする 投稿一覧画面を表示している
rspec ./spec/system/03_finishing_touches_spec.rb:144 # [STEP3] 仕上げのテスト 処理失敗時のテスト 投稿データの新規投稿失敗: 投稿一覧画面から行い、titleを空にする バリデーションエラーが表示される
rspec ./spec/system/03_finishing_touches_spec.rb:170 # [STEP3] 仕上げのテスト 処理失敗時のテスト 投稿データの更新失敗: titleを空にする エラーメッセージが表示される
rspec ./spec/system/03_finishing_touches_spec.rb:179 # [STEP3] 仕上げのテスト ログインしていない場合のアクセス制限のテスト: アクセスできず、ログイン画面に遷移する ユーザ一覧画面
rspec ./spec/system/03_finishing_touches_spec.rb:183 # [STEP3] 仕上げのテスト ログインしていない場合のアクセス制限のテスト: アクセスできず、ログイン画面に遷移する ユーザ詳細画面
rspec ./spec/system/03_finishing_touches_spec.rb:187 # [STEP3] 仕上げのテスト ログインしていない場合のアクセス制限のテスト: アクセスできず、ログイン画面に遷移する ユーザ情報編集画面
rspec ./spec/system/03_finishing_touches_spec.rb:191 # [STEP3] 仕上げのテスト ログインしていない場合のアクセス制限のテスト: アクセスできず、ログイン画面に遷移する 投稿一覧画面
rspec ./spec/system/03_finishing_touches_spec.rb:195 # [STEP3] 仕上げのテスト ログインしていない場合のアクセス制限のテスト: アクセスできず、ログイン画面に遷移する 投稿詳細画面
rspec ./spec/system/03_finishing_touches_spec.rb:199 # [STEP3] 仕上げのテスト ログインしていない場合のアクセス制限のテスト: アクセスできず、ログイン画面に遷移する 投稿編集画面
rspec ./spec/system/03_finishing_touches_spec.rb:225 # [STEP3] 仕上げのテスト 他人の画面のテスト 他人の投稿詳細画面のテスト 表示内容の確認 ユーザ画像・名前のリンク先が正しい
rspec ./spec/system/03_finishing_touches_spec.rb:243 # [STEP3] 仕上げのテスト 他人の画面のテスト 他人の投稿詳細画面のテスト サイドバーの確認 他人の名前と紹介文が表示される
rspec ./spec/system/03_finishing_touches_spec.rb:247 # [STEP3] 仕上げのテスト 他人の画面のテスト 他人の投稿詳細画面のテスト サイドバーの確認 他人のユーザ編集画面へのリンクが存在する
rspec ./spec/system/03_finishing_touches_spec.rb:254 # [STEP3] 仕上げのテスト 他人の画面のテスト 他人の投稿詳細画面のテスト サイドバーの確認 自分のユーザ編集画面へのリンクは存在しない
rspec ./spec/system/03_finishing_touches_spec.rb:261 # [STEP3] 仕上げのテスト 他人の画面のテスト 他人の投稿編集画面 遷移できず、投稿一覧画面にリダイレクトされる
rspec ./spec/system/03_finishing_touches_spec.rb:276 # [STEP3] 仕上げのテスト 他人の画面のテスト 他人のユーザ詳細画面のテスト 表示の確認 投稿一覧のユーザ画像のリンク先が正しい
rspec ./spec/system/03_finishing_touches_spec.rb:292 # [STEP3] 仕上げのテスト 他人の画面のテスト 他人のユーザ詳細画面のテスト サイドバーの確認 他人の名前と紹介文が表示される
rspec ./spec/system/03_finishing_touches_spec.rb:296 # [STEP3] 仕上げのテスト 他人の画面のテスト 他人のユーザ詳細画面のテスト サイドバーの確認 他人のユーザ編集画面へのリンクが存在する
rspec ./spec/system/03_finishing_touches_spec.rb:303 # [STEP3] 仕上げのテスト 他人の画面のテスト 他人のユーザ詳細画面のテスト サイドバーの確認 自分のユーザ編集画面へのリンクは存在しない
rspec ./spec/system/03_finishing_touches_spec.rb:310 # [STEP3] 仕上げのテスト 他人の画面のテスト 他人のユーザ情報編集画面 遷移できず、自分のユーザ詳細画面にリダイレクトされる
rspec ./spec/system/03_finishing_touches_spec.rb:408 # [STEP3] 仕上げのテスト アイコンのテスト ヘッダー: ログインしている場合 Usersリンクのアイコンが表示される
rspec ./spec/system/03_finishing_touches_spec.rb:411 # [STEP3] 仕上げのテスト アイコンのテスト ヘッダー: ログインしている場合 Booksリンクのアイコンが表示される
rspec ./spec/system/03_finishing_touches_spec.rb:414 # [STEP3] 仕上げのテスト アイコンのテスト ヘッダー: ログインしている場合 Log outリンクのアイコンが表示される
rspec ./spec/system/03_finishing_touches_spec.rb:429 # [STEP3] 仕上げのテスト アイコンのテスト サイドバー ユーザ一覧画面でレンチアイコンが表示される
rspec ./spec/system/03_finishing_touches_spec.rb:433 # [STEP3] 仕上げのテスト アイコンのテスト サイドバー ユーザ詳細画面でレンチアイコンが表示される
rspec ./spec/system/03_finishing_touches_spec.rb:437 # [STEP3] 仕上げのテスト アイコンのテスト サイドバー 投稿一覧画面でレンチアイコンが表示される
rspec ./spec/system/03_finishing_touches_spec.rb:441 # [STEP3] 仕上げのテスト アイコンのテスト サイドバー 投稿詳細画面でレンチアイコンが表示される

